Copyright 1986-2022 Xilinx, Inc. All Rights Reserved. Copyright 2022-2025 Advanced Micro Devices, Inc. All Rights Reserved.
--------------------------------------------------------------------------------------------------------------------------------------------------
| Tool Version      : Vivado v.2025.1 (lin64) Build 6140274 Wed May 21 22:58:25 MDT 2025
| Date              : Mon Oct  5 17:43:11 2026
| Host              : <redacted>
| Command           : report_timing -delay_type max -max_paths 10 -file ../final/reports/zcu104-samplerz/setup-paths.rpt
| Design            : samplerz
| Device            : xczu7ev-ffvc1156
| Speed File        : -2  PRODUCTION 1.30 05-15-2022
| Design State      : Routed
| Temperature Grade : E
--------------------------------------------------------------------------------------------------------------------------------------------------

Timing Report

Slack (MET) :             0.019ns  (required time - arrival time)
  Source:                 state_sginv_reg[0]/C
                            (rising edge-triggered cell FDRE clocked by clk  {rise@0.000ns fall@2.250ns period=4.500ns})
  Destination:            berexp_inst/cmp_exp_x/refill_uniform_buf_instance/refill_buf_reg[3][1]/CE
                            (rising edge-triggered cell FDRE clocked by clk  {rise@0.000ns fall@2.250ns period=4.500ns})
  Path Group:             clk
  Path Type:              Setup (Max at Slow Process Corner)
  Requirement:            4.500ns  (clk rise@4.500ns - clk rise@0.000ns)
  Data Path Delay:        4.377ns  (logic 1.365ns (31.189%)  route 3.012ns (68.811%))
  Logic Levels:           13  (LUT4=1 LUT6=12)
  Clock Path Skew:        -0.008ns (DCD - SCD + CPR)
    Destination Clock Delay (DCD):    0.021ns = ( 4.521 - 4.500 ) 
    Source Clock Delay      (SCD):    0.029ns
    Clock Pessimism Removal (CPR):    0.000ns
  Clock Uncertainty:      0.035ns  ((TSJ^2 + TIJ^2)^1/2 + DJ) / 2 + PE
    Total System Jitter     (TSJ):    0.071ns
    Total Input Jitter      (TIJ):    0.000ns
    Discrete Jitter          (DJ):    0.000ns
    Phase Error              (PE):    0.000ns

    Location             Delay type                Incr(ns)  Path(ns)    Netlist Resource(s)
  -------------------------------------------------------------------    -------------------
                         (clock clk rise edge)        0.000     0.000 r  
                                                      0.000     0.000 r  clk (IN)
                         net (fo=3683, unset)         0.029     0.029    clk
    SLICE_X90Y313        FDRE                                         r  state_sginv_reg[0]/C
  -------------------------------------------------------------------    -------------------
    SLICE_X90Y313        FDRE (Prop_FFF_SLICEL_C_Q)
                                                      0.079     0.108 r  state_sginv_reg[0]/Q
                         net (fo=62, routed)          0.311     0.419    fp_mul_E/ccs_reg[15]_i_9_1
    SLICE_X88Y312        LUT6 (Prop_E6LUT_SLICEM_I2_O)
                                                      0.124     0.543 r  fp_mul_E/ccs_reg[64]_i_16/O
                         net (fo=53, routed)          0.244     0.786    fp_mul_E/berexp_inst/exp_x_or_ccs[61]
    SLICE_X90Y313        LUT6 (Prop_G6LUT_SLICEL_I4_O)
                                                      0.149     0.935 r  fp_mul_E/ccs_reg[49]_i_12/O
                         net (fo=4, routed)           0.255     1.190    fp_mul_E/ccs_reg[49]_i_12_n_0
    SLICE_X91Y316        LUT6 (Prop_F6LUT_SLICEL_I5_O)
                                                      0.089     1.279 r  fp_mul_E/ccs_reg[48]_i_4/O
                         net (fo=3, routed)           0.178     1.457    fp_mul_E/ccs_reg[48]_i_4_n_0
    SLICE_X89Y317        LUT6 (Prop_H6LUT_SLICEM_I0_O)
                                                      0.152     1.609 r  fp_mul_E/ccs_reg[48]_i_3/O
                         net (fo=3, routed)           0.254     1.863    fp_mul_E/ccs_reg[48]_i_3_n_0
    SLICE_X88Y319        LUT6 (Prop_C6LUT_SLICEM_I2_O)
                                                      0.145     2.008 r  fp_mul_E/ccs_reg[32]_i_1/O
                         net (fo=3, routed)           0.246     2.254    berexp_inst/cmp_exp_x/refill_uniform_buf_instance/hotbits[3].par2ser/D[11]
    SLICE_X86Y320        LUT4 (Prop_E6LUT_SLICEM_I1_O)
                                                      0.100     2.354 r  berexp_inst/cmp_exp_x/refill_uniform_buf_instance/hotbits[3].par2ser/refill_exp\\.refill_req_INST_0_i_160/O
                         net (fo=2, routed)           0.259     2.613    fp_mul_E/sample_z1[31]_i_41_0
    SLICE_X84Y321        LUT6 (Prop_C6LUT_SLICEM_I4_O)
                                                      0.088     2.701 f  fp_mul_E/refill_exp\\.refill_req_INST_0_i_101/O
                         net (fo=1, routed)           0.159     2.860    fp_mul_E/refill_exp\\.refill_req_INST_0_i_101_n_0
    SLICE_X86Y324        LUT6 (Prop_G6LUT_SLICEM_I3_O)
                                                      0.037     2.897 f  fp_mul_E/refill_exp\\.refill_req_INST_0_i_37/O
                         net (fo=1, routed)           0.146     3.043    fp_mul_E/refill_exp\\.refill_req_INST_0_i_37_n_0
    SLICE_X86Y324        LUT6 (Prop_F6LUT_SLICEM_I5_O)
                                                      0.123     3.166 r  fp_mul_E/refill_exp\\.refill_req_INST_0_i_8/O
                         net (fo=15, routed)          0.173     3.340    fp_mul_E/refill_exp\\.refill_req_INST_0_i_8_n_0
    SLICE_X88Y323        LUT6 (Prop_H6LUT_SLICEM_I4_O)
                                                      0.053     3.393 f  fp_mul_E/count[2]_i_4__1/O
                         net (fo=12, routed)          0.208     3.601    berexp_inst/cmp_exp_x/refill_uniform_buf_instance/hotbits[1].par2ser/count_reg[2]_0
    SLICE_X88Y326        LUT6 (Prop_G6LUT_SLICEM_I4_O)
                                                      0.052     3.653 r  berexp_inst/cmp_exp_x/refill_uniform_buf_instance/hotbits[1].par2ser/refill_exp\\.refill_req_INST_0_i_13/O
                         net (fo=33, routed)          0.205     3.858    berexp_inst/cmp_exp_x/refill_uniform_buf_instance/hotbits[2].par2ser/shiftreg_reg[0]_1
    SLICE_X91Y325        LUT6 (Prop_C6LUT_SLICEL_I2_O)
                                                      0.123     3.981 r  berexp_inst/cmp_exp_x/refill_uniform_buf_instance/hotbits[2].par2ser/refill_exp\\.refill_req_INST_0_i_2/O
                         net (fo=11, routed)          0.211     4.192    fp_mul_E/refill_buf_reg[3][7]
    SLICE_X93Y323        LUT6 (Prop_F6LUT_SLICEM_I4_O)
                                                      0.051     4.243 r  fp_mul_E/refill_buf[3][7]_i_1__0/O
                         net (fo=8, routed)           0.163     4.406    berexp_inst/cmp_exp_x/refill_uniform_buf_instance/refill_buf_reg[3][7]_0[0]
    SLICE_X93Y323        FDRE                                         r  berexp_inst/cmp_exp_x/refill_uniform_buf_instance/refill_buf_reg[3][1]/CE
  -------------------------------------------------------------------    -------------------

                         (clock clk rise edge)        4.500     4.500 r  
                                                      0.000     4.500 r  clk (IN)
                         net (fo=3683, unset)         0.021     4.521    berexp_inst/cmp_exp_x/refill_uniform_buf_instance/clk
    SLICE_X93Y323        FDRE                                         r  berexp_inst/cmp_exp_x/refill_uniform_buf_instance/refill_buf_reg[3][1]/C
                         clock pessimism              0.000     4.521    
                         clock uncertainty           -0.035     4.486    
    SLICE_X93Y323        FDRE (Setup_EFF2_SLICEM_C_CE)
                                                     -0.061     4.425    berexp_inst/cmp_exp_x/refill_uniform_buf_instance/refill_buf_reg[3][1]
  -------------------------------------------------------------------
                         required time                          4.425    
                         arrival time                          -4.406    
  -------------------------------------------------------------------
                         slack                                  0.019    

Slack (MET) :             0.019ns  (required time - arrival time)
  Source:                 state_sginv_reg[0]/C
                            (rising edge-triggered cell FDRE clocked by clk  {rise@0.000ns fall@2.250ns period=4.500ns})
  Destination:            berexp_inst/cmp_exp_x/refill_uniform_buf_instance/refill_buf_reg[3][3]/CE
                            (rising edge-triggered cell FDRE clocked by clk  {rise@0.000ns fall@2.250ns period=4.500ns})
  Path Group:             clk
  Path Type:              Setup (Max at Slow Process Corner)
  Requirement:            4.500ns  (clk rise@4.500ns - clk rise@0.000ns)
  Data Path Delay:        4.377ns  (logic 1.365ns (31.189%)  route 3.012ns (68.811%))
  Logic Levels:           13  (LUT4=1 LUT6=12)
  Clock Path Skew:        -0.008ns (DCD - SCD + CPR)
    Destination Clock Delay (DCD):    0.021ns = ( 4.521 - 4.500 ) 
    Source Clock Delay      (SCD):    0.029ns
    Clock Pessimism Removal (CPR):    0.000ns
  Clock Uncertainty:      0.035ns  ((TSJ^2 + TIJ^2)^1/2 + DJ) / 2 + PE
    Total System Jitter     (TSJ):    0.071ns
    Total Input Jitter      (TIJ):    0.000ns
    Discrete Jitter          (DJ):    0.000ns
    Phase Error              (PE):    0.000ns

    Location             Delay type                Incr(ns)  Path(ns)    Netlist Resource(s)
  -------------------------------------------------------------------    -------------------
                         (clock clk rise edge)        0.000     0.000 r  
                                                      0.000     0.000 r  clk (IN)
                         net (fo=3683, unset)         0.029     0.029    clk
    SLICE_X90Y313        FDRE                                         r  state_sginv_reg[0]/C
  -------------------------------------------------------------------    -------------------
    SLICE_X90Y313        FDRE (Prop_FFF_SLICEL_C_Q)
                                                      0.079     0.108 r  state_sginv_reg[0]/Q
                         net (fo=62, routed)          0.311     0.419    fp_mul_E/ccs_reg[15]_i_9_1
    SLICE_X88Y312        LUT6 (Prop_E6LUT_SLICEM_I2_O)
                                                      0.124     0.543 r  fp_mul_E/ccs_reg[64]_i_16/O
                         net (fo=53, routed)          0.244     0.786    fp_mul_E/berexp_inst/exp_x_or_ccs[61]
    SLICE_X90Y313        LUT6 (Prop_G6LUT_SLICEL_I4_O)
                                                      0.149     0.935 r  fp_mul_E/ccs_reg[49]_i_12/O
                         net (fo=4, routed)           0.255     1.190    fp_mul_E/ccs_reg[49]_i_12_n_0
    SLICE_X91Y316        LUT6 (Prop_F6LUT_SLICEL_I5_O)
                                                      0.089     1.279 r  fp_mul_E/ccs_reg[48]_i_4/O
                         net (fo=3, routed)           0.178     1.457    fp_mul_E/ccs_reg[48]_i_4_n_0
    SLICE_X89Y317        LUT6 (Prop_H6LUT_SLICEM_I0_O)
                                                      0.152     1.609 r  fp_mul_E/ccs_reg[48]_i_3/O
                         net (fo=3, routed)           0.254     1.863    fp_mul_E/ccs_reg[48]_i_3_n_0
    SLICE_X88Y319        LUT6 (Prop_C6LUT_SLICEM_I2_O)
                                                      0.145     2.008 r  fp_mul_E/ccs_reg[32]_i_1/O
                         net (fo=3, routed)           0.246     2.254    berexp_inst/cmp_exp_x/refill_uniform_buf_instance/hotbits[3].par2ser/D[11]
    SLICE_X86Y320        LUT4 (Prop_E6LUT_SLICEM_I1_O)
                                                      0.100     2.354 r  berexp_inst/cmp_exp_x/refill_uniform_buf_instance/hotbits[3].par2ser/refill_exp\\.refill_req_INST_0_i_160/O
                         net (fo=2, routed)           0.259     2.613    fp_mul_E/sample_z1[31]_i_41_0
    SLICE_X84Y321        LUT6 (Prop_C6LUT_SLICEM_I4_O)
                                                      0.088     2.701 f  fp_mul_E/refill_exp\\.refill_req_INST_0_i_101/O
                         net (fo=1, routed)           0.159     2.860    fp_mul_E/refill_exp\\.refill_req_INST_0_i_101_n_0
    SLICE_X86Y324        LUT6 (Prop_G6LUT_SLICEM_I3_O)
                                                      0.037     2.897 f  fp_mul_E/refill_exp\\.refill_req_INST_0_i_37/O
                         net (fo=1, routed)           0.146     3.043    fp_mul_E/refill_exp\\.refill_req_INST_0_i_37_n_0
    SLICE_X86Y324        LUT6 (Prop_F6LUT_SLICEM_I5_O)
                                                      0.123     3.166 r  fp_mul_E/refill_exp\\.refill_req_INST_0_i_8/O
                         net (fo=15, routed)          0.173     3.340    fp_mul_E/refill_exp\\.refill_req_INST_0_i_8_n_0
    SLICE_X88Y323        LUT6 (Prop_H6LUT_SLICEM_I4_O)
                                                      0.053     3.393 f  fp_mul_E/count[2]_i_4__1/O
                         net (fo=12, routed)          0.208     3.601    berexp_inst/cmp_exp_x/refill_uniform_buf_instance/hotbits[1].par2ser/count_reg[2]_0
    SLICE_X88Y326        LUT6 (Prop_G6LUT_SLICEM_I4_O)
                                                      0.052     3.653 r  berexp_inst/cmp_exp_x/refill_uniform_buf_instance/hotbits[1].par2ser/refill_exp\\.refill_req_INST_0_i_13/O
                         net (fo=33, routed)          0.205     3.858    berexp_inst/cmp_exp_x/refill_uniform_buf_instance/hotbits[2].par2ser/shiftreg_reg[0]_1
    SLICE_X91Y325        LUT6 (Prop_C6LUT_SLICEL_I2_O)
                                                      0.123     3.981 r  berexp_inst/cmp_exp_x/refill_uniform_buf_instance/hotbits[2].par2ser/refill_exp\\.refill_req_INST_0_i_2/O
                         net (fo=11, routed)          0.211     4.192    fp_mul_E/refill_buf_reg[3][7]
    SLICE_X93Y323        LUT6 (Prop_F6LUT_SLICEM_I4_O)
                                                      0.051     4.243 r  fp_mul_E/refill_buf[3][7]_i_1__0/O
                         net (fo=8, routed)           0.163     4.406    berexp_inst/cmp_exp_x/refill_uniform_buf_instance/refill_buf_reg[3][7]_0[0]
    SLICE_X93Y323        FDRE                                         r  berexp_inst/cmp_exp_x/refill_uniform_buf_instance/refill_buf_reg[3][3]/CE
  -------------------------------------------------------------------    -------------------

                         (clock clk rise edge)        4.500     4.500 r  
                                                      0.000     4.500 r  clk (IN)
                         net (fo=3683, unset)         0.021     4.521    berexp_inst/cmp_exp_x/refill_uniform_buf_instance/clk
    SLICE_X93Y323        FDRE                                         r  berexp_inst/cmp_exp_x/refill_uniform_buf_instance/refill_buf_reg[3][3]/C
                         clock pessimism              0.000     4.521    
                         clock uncertainty           -0.035     4.486    
    SLICE_X93Y323        FDRE (Setup_FFF2_SLICEM_C_CE)
                                                     -0.061     4.425    berexp_inst/cmp_exp_x/refill_uniform_buf_instance/refill_buf_reg[3][3]
  -------------------------------------------------------------------
                         required time                          4.425    
                         arrival time                          -4.406    
  -------------------------------------------------------------------
                         slack                                  0.019    

Slack (MET) :             0.019ns  (required time - arrival time)
  Source:                 state_sginv_reg[0]/C
                            (rising edge-triggered cell FDRE clocked by clk  {rise@0.000ns fall@2.250ns period=4.500ns})
  Destination:            berexp_inst/cmp_exp_x/refill_uniform_buf_instance/refill_buf_reg[3][5]/CE
                            (rising edge-triggered cell FDRE clocked by clk  {rise@0.000ns fall@2.250ns period=4.500ns})
  Path Group:             clk
  Path Type:              Setup (Max at Slow Process Corner)
  Requirement:            4.500ns  (clk rise@4.500ns - clk rise@0.000ns)
  Data Path Delay:        4.377ns  (logic 1.365ns (31.189%)  route 3.012ns (68.811%))
  Logic Levels:           13  (LUT4=1 LUT6=12)
  Clock Path Skew:        -0.008ns (DCD - SCD + CPR)
    Destination Clock Delay (DCD):    0.021ns = ( 4.521 - 4.500 ) 
    Source Clock Delay      (SCD):    0.029ns
    Clock Pessimism Removal (CPR):    0.000ns
  Clock Uncertainty:      0.035ns  ((TSJ^2 + TIJ^2)^1/2 + DJ) / 2 + PE
    Total System Jitter     (TSJ):    0.071ns
    Total Input Jitter      (TIJ):    0.000ns
    Discrete Jitter          (DJ):    0.000ns
    Phase Error              (PE):    0.000ns

    Location             Delay type                Incr(ns)  Path(ns)    Netlist Resource(s)
  -------------------------------------------------------------------    -------------------
                         (clock clk rise edge)        0.000     0.000 r  
                                                      0.000     0.000 r  clk (IN)
                         net (fo=3683, unset)         0.029     0.029    clk
    SLICE_X90Y313        FDRE                                         r  state_sginv_reg[0]/C
  -------------------------------------------------------------------    -------------------
    SLICE_X90Y313        FDRE (Prop_FFF_SLICEL_C_Q)
                                                      0.079     0.108 r  state_sginv_reg[0]/Q
                         net (fo=62, routed)          0.311     0.419    fp_mul_E/ccs_reg[15]_i_9_1
    SLICE_X88Y312        LUT6 (Prop_E6LUT_SLICEM_I2_O)
                                                      0.124     0.543 r  fp_mul_E/ccs_reg[64]_i_16/O
                         net (fo=53, routed)          0.244     0.786    fp_mul_E/berexp_inst/exp_x_or_ccs[61]
    SLICE_X90Y313        LUT6 (Prop_G6LUT_SLICEL_I4_O)
                                                      0.149     0.935 r  fp_mul_E/ccs_reg[49]_i_12/O
                         net (fo=4, routed)           0.255     1.190    fp_mul_E/ccs_reg[49]_i_12_n_0
    SLICE_X91Y316        LUT6 (Prop_F6LUT_SLICEL_I5_O)
                                                      0.089     1.279 r  fp_mul_E/ccs_reg[48]_i_4/O
                         net (fo=3, routed)           0.178     1.457    fp_mul_E/ccs_reg[48]_i_4_n_0
    SLICE_X89Y317        LUT6 (Prop_H6LUT_SLICEM_I0_O)
                                                      0.152     1.609 r  fp_mul_E/ccs_reg[48]_i_3/O
                         net (fo=3, routed)           0.254     1.863    fp_mul_E/ccs_reg[48]_i_3_n_0
    SLICE_X88Y319        LUT6 (Prop_C6LUT_SLICEM_I2_O)
                                                      0.145     2.008 r  fp_mul_E/ccs_reg[32]_i_1/O
                         net (fo=3, routed)           0.246     2.254    berexp_inst/cmp_exp_x/refill_uniform_buf_instance/hotbits[3].par2ser/D[11]
    SLICE_X86Y320        LUT4 (Prop_E6LUT_SLICEM_I1_O)
                                                      0.100     2.354 r  berexp_inst/cmp_exp_x/refill_uniform_buf_instance/hotbits[3].par2ser/refill_exp\\.refill_req_INST_0_i_160/O
                         net (fo=2, routed)           0.259     2.613    fp_mul_E/sample_z1[31]_i_41_0
    SLICE_X84Y321        LUT6 (Prop_C6LUT_SLICEM_I4_O)
                                                      0.088     2.701 f  fp_mul_E/refill_exp\\.refill_req_INST_0_i_101/O
                         net (fo=1, routed)           0.159     2.860    fp_mul_E/refill_exp\\.refill_req_INST_0_i_101_n_0
    SLICE_X86Y324        LUT6 (Prop_G6LUT_SLICEM_I3_O)
                                                      0.037     2.897 f  fp_mul_E/refill_exp\\.refill_req_INST_0_i_37/O
                         net (fo=1, routed)           0.146     3.043    fp_mul_E/refill_exp\\.refill_req_INST_0_i_37_n_0
    SLICE_X86Y324        LUT6 (Prop_F6LUT_SLICEM_I5_O)
                                                      0.123     3.166 r  fp_mul_E/refill_exp\\.refill_req_INST_0_i_8/O
                         net (fo=15, routed)          0.173     3.340    fp_mul_E/refill_exp\\.refill_req_INST_0_i_8_n_0
    SLICE_X88Y323        LUT6 (Prop_H6LUT_SLICEM_I4_O)
                                                      0.053     3.393 f  fp_mul_E/count[2]_i_4__1/O
                         net (fo=12, routed)          0.208     3.601    berexp_inst/cmp_exp_x/refill_uniform_buf_instance/hotbits[1].par2ser/count_reg[2]_0
    SLICE_X88Y326        LUT6 (Prop_G6LUT_SLICEM_I4_O)
                                                      0.052     3.653 r  berexp_inst/cmp_exp_x/refill_uniform_buf_instance/hotbits[1].par2ser/refill_exp\\.refill_req_INST_0_i_13/O
                         net (fo=33, routed)          0.205     3.858    berexp_inst/cmp_exp_x/refill_uniform_buf_instance/hotbits[2].par2ser/shiftreg_reg[0]_1
    SLICE_X91Y325        LUT6 (Prop_C6LUT_SLICEL_I2_O)
                                                      0.123     3.981 r  berexp_inst/cmp_exp_x/refill_uniform_buf_instance/hotbits[2].par2ser/refill_exp\\.refill_req_INST_0_i_2/O
                         net (fo=11, routed)          0.211     4.192    fp_mul_E/refill_buf_reg[3][7]
    SLICE_X93Y323        LUT6 (Prop_F6LUT_SLICEM_I4_O)
                                                      0.051     4.243 r  fp_mul_E/refill_buf[3][7]_i_1__0/O
                         net (fo=8, routed)           0.163     4.406    berexp_inst/cmp_exp_x/refill_uniform_buf_instance/refill_buf_reg[3][7]_0[0]
    SLICE_X93Y323        FDRE                                         r  berexp_inst/cmp_exp_x/refill_uniform_buf_instance/refill_buf_reg[3][5]/CE
  -------------------------------------------------------------------    -------------------

                         (clock clk rise edge)        4.500     4.500 r  
                                                      0.000     4.500 r  clk (IN)
                         net (fo=3683, unset)         0.021     4.521    berexp_inst/cmp_exp_x/refill_uniform_buf_instance/clk
    SLICE_X93Y323        FDRE                                         r  berexp_inst/cmp_exp_x/refill_uniform_buf_instance/refill_buf_reg[3][5]/C
                         clock pessimism              0.000     4.521    
                         clock uncertainty           -0.035     4.486    
    SLICE_X93Y323        FDRE (Setup_GFF2_SLICEM_C_CE)
                                                     -0.061     4.425    berexp_inst/cmp_exp_x/refill_uniform_buf_instance/refill_buf_reg[3][5]
  -------------------------------------------------------------------
                         required time                          4.425    
                         arrival time                          -4.406    
  -------------------------------------------------------------------
                         slack                                  0.019    

Slack (MET) :             0.019ns  (required time - arrival time)
  Source:                 state_sginv_reg[0]/C
                            (rising edge-triggered cell FDRE clocked by clk  {rise@0.000ns fall@2.250ns period=4.500ns})
  Destination:            berexp_inst/cmp_exp_x/refill_uniform_buf_instance/refill_buf_reg[3][7]/CE
                            (rising edge-triggered cell FDRE clocked by clk  {rise@0.000ns fall@2.250ns period=4.500ns})
  Path Group:             clk
  Path Type:              Setup (Max at Slow Process Corner)
  Requirement:            4.500ns  (clk rise@4.500ns - clk rise@0.000ns)
  Data Path Delay:        4.377ns  (logic 1.365ns (31.189%)  route 3.012ns (68.811%))
  Logic Levels:           13  (LUT4=1 LUT6=12)
  Clock Path Skew:        -0.008ns (DCD - SCD + CPR)
    Destination Clock Delay (DCD):    0.021ns = ( 4.521 - 4.500 ) 
    Source Clock Delay      (SCD):    0.029ns
    Clock Pessimism Removal (CPR):    0.000ns
  Clock Uncertainty:      0.035ns  ((TSJ^2 + TIJ^2)^1/2 + DJ) / 2 + PE
    Total System Jitter     (TSJ):    0.071ns
    Total Input Jitter      (TIJ):    0.000ns
    Discrete Jitter          (DJ):    0.000ns
    Phase Error              (PE):    0.000ns

    Location             Delay type                Incr(ns)  Path(ns)    Netlist Resource(s)
  -------------------------------------------------------------------    -------------------
                         (clock clk rise edge)        0.000     0.000 r  
                                                      0.000     0.000 r  clk (IN)
                         net (fo=3683, unset)         0.029     0.029    clk
    SLICE_X90Y313        FDRE                                         r  state_sginv_reg[0]/C
  -------------------------------------------------------------------    -------------------
    SLICE_X90Y313        FDRE (Prop_FFF_SLICEL_C_Q)
                                                      0.079     0.108 r  state_sginv_reg[0]/Q
                         net (fo=62, routed)          0.311     0.419    fp_mul_E/ccs_reg[15]_i_9_1
    SLICE_X88Y312        LUT6 (Prop_E6LUT_SLICEM_I2_O)
                                                      0.124     0.543 r  fp_mul_E/ccs_reg[64]_i_16/O
                         net (fo=53, routed)          0.244     0.786    fp_mul_E/berexp_inst/exp_x_or_ccs[61]
    SLICE_X90Y313        LUT6 (Prop_G6LUT_SLICEL_I4_O)
                                                      0.149     0.935 r  fp_mul_E/ccs_reg[49]_i_12/O
                         net (fo=4, routed)           0.255     1.190    fp_mul_E/ccs_reg[49]_i_12_n_0
    SLICE_X91Y316        LUT6 (Prop_F6LUT_SLICEL_I5_O)
                                                      0.089     1.279 r  fp_mul_E/ccs_reg[48]_i_4/O
                         net (fo=3, routed)           0.178     1.457    fp_mul_E/ccs_reg[48]_i_4_n_0
    SLICE_X89Y317        LUT6 (Prop_H6LUT_SLICEM_I0_O)
                                                      0.152     1.609 r  fp_mul_E/ccs_reg[48]_i_3/O
                         net (fo=3, routed)           0.254     1.863    fp_mul_E/ccs_reg[48]_i_3_n_0
    SLICE_X88Y319        LUT6 (Prop_C6LUT_SLICEM_I2_O)
                                                      0.145     2.008 r  fp_mul_E/ccs_reg[32]_i_1/O
                         net (fo=3, routed)           0.246     2.254    berexp_inst/cmp_exp_x/refill_uniform_buf_instance/hotbits[3].par2ser/D[11]
    SLICE_X86Y320        LUT4 (Prop_E6LUT_SLICEM_I1_O)
                                                      0.100     2.354 r  berexp_inst/cmp_exp_x/refill_uniform_buf_instance/hotbits[3].par2ser/refill_exp\\.refill_req_INST_0_i_160/O
                         net (fo=2, routed)           0.259     2.613    fp_mul_E/sample_z1[31]_i_41_0
    SLICE_X84Y321        LUT6 (Prop_C6LUT_SLICEM_I4_O)
                                                      0.088     2.701 f  fp_mul_E/refill_exp\\.refill_req_INST_0_i_101/O
                         net (fo=1, routed)           0.159     2.860    fp_mul_E/refill_exp\\.refill_req_INST_0_i_101_n_0
    SLICE_X86Y324        LUT6 (Prop_G6LUT_SLICEM_I3_O)
                                                      0.037     2.897 f  fp_mul_E/refill_exp\\.refill_req_INST_0_i_37/O
                         net (fo=1, routed)           0.146     3.043    fp_mul_E/refill_exp\\.refill_req_INST_0_i_37_n_0
    SLICE_X86Y324        LUT6 (Prop_F6LUT_SLICEM_I5_O)
                                                      0.123     3.166 r  fp_mul_E/refill_exp\\.refill_req_INST_0_i_8/O
                         net (fo=15, routed)          0.173     3.340    fp_mul_E/refill_exp\\.refill_req_INST_0_i_8_n_0
    SLICE_X88Y323        LUT6 (Prop_H6LUT_SLICEM_I4_O)
                                                      0.053     3.393 f  fp_mul_E/count[2]_i_4__1/O
                         net (fo=12, routed)          0.208     3.601    berexp_inst/cmp_exp_x/refill_uniform_buf_instance/hotbits[1].par2ser/count_reg[2]_0
    SLICE_X88Y326        LUT6 (Prop_G6LUT_SLICEM_I4_O)
                                                      0.052     3.653 r  berexp_inst/cmp_exp_x/refill_uniform_buf_instance/hotbits[1].par2ser/refill_exp\\.refill_req_INST_0_i_13/O
                         net (fo=33, routed)          0.205     3.858    berexp_inst/cmp_exp_x/refill_uniform_buf_instance/hotbits[2].par2ser/shiftreg_reg[0]_1
    SLICE_X91Y325        LUT6 (Prop_C6LUT_SLICEL_I2_O)
                                                      0.123     3.981 r  berexp_inst/cmp_exp_x/refill_uniform_buf_instance/hotbits[2].par2ser/refill_exp\\.refill_req_INST_0_i_2/O
                         net (fo=11, routed)          0.211     4.192    fp_mul_E/refill_buf_reg[3][7]
    SLICE_X93Y323        LUT6 (Prop_F6LUT_SLICEM_I4_O)
                                                      0.051     4.243 r  fp_mul_E/refill_buf[3][7]_i_1__0/O
                         net (fo=8, routed)           0.163     4.406    berexp_inst/cmp_exp_x/refill_uniform_buf_instance/refill_buf_reg[3][7]_0[0]
    SLICE_X93Y323        FDRE                                         r  berexp_inst/cmp_exp_x/refill_uniform_buf_instance/refill_buf_reg[3][7]/CE
  -------------------------------------------------------------------    -------------------

                         (clock clk rise edge)        4.500     4.500 r  
                                                      0.000     4.500 r  clk (IN)
                         net (fo=3683, unset)         0.021     4.521    berexp_inst/cmp_exp_x/refill_uniform_buf_instance/clk
    SLICE_X93Y323        FDRE                                         r  berexp_inst/cmp_exp_x/refill_uniform_buf_instance/refill_buf_reg[3][7]/C
                         clock pessimism              0.000     4.521    
                         clock uncertainty           -0.035     4.486    
    SLICE_X93Y323        FDRE (Setup_HFF2_SLICEM_C_CE)
                                                     -0.061     4.425    berexp_inst/cmp_exp_x/refill_uniform_buf_instance/refill_buf_reg[3][7]
  -------------------------------------------------------------------
                         required time                          4.425    
                         arrival time                          -4.406    
  -------------------------------------------------------------------
                         slack                                  0.019    

Slack (MET) :             0.021ns  (required time - arrival time)
  Source:                 state_sginv_reg[0]/C
                            (rising edge-triggered cell FDRE clocked by clk  {rise@0.000ns fall@2.250ns period=4.500ns})
  Destination:            berexp_inst/cmp_exp_x/refill_uniform_buf_instance/refill_buf_reg[3][0]/CE
                            (rising edge-triggered cell FDRE clocked by clk  {rise@0.000ns fall@2.250ns period=4.500ns})
  Path Group:             clk
  Path Type:              Setup (Max at Slow Process Corner)
  Requirement:            4.500ns  (clk rise@4.500ns - clk rise@0.000ns)
  Data Path Delay:        4.375ns  (logic 1.365ns (31.203%)  route 3.010ns (68.797%))
  Logic Levels:           13  (LUT4=1 LUT6=12)
  Clock Path Skew:        -0.008ns (DCD - SCD + CPR)
    Destination Clock Delay (DCD):    0.021ns = ( 4.521 - 4.500 ) 
    Source Clock Delay      (SCD):    0.029ns
    Clock Pessimism Removal (CPR):    0.000ns
  Clock Uncertainty:      0.035ns  ((TSJ^2 + TIJ^2)^1/2 + DJ) / 2 + PE
    Total System Jitter     (TSJ):    0.071ns
    Total Input Jitter      (TIJ):    0.000ns
    Discrete Jitter          (DJ):    0.000ns
    Phase Error              (PE):    0.000ns

    Location             Delay type                Incr(ns)  Path(ns)    Netlist Resource(s)
  -------------------------------------------------------------------    -------------------
                         (clock clk rise edge)        0.000     0.000 r  
                                                      0.000     0.000 r  clk (IN)
                         net (fo=3683, unset)         0.029     0.029    clk
    SLICE_X90Y313        FDRE                                         r  state_sginv_reg[0]/C
  -------------------------------------------------------------------    -------------------
    SLICE_X90Y313        FDRE (Prop_FFF_SLICEL_C_Q)
                                                      0.079     0.108 r  state_sginv_reg[0]/Q
                         net (fo=62, routed)          0.311     0.419    fp_mul_E/ccs_reg[15]_i_9_1
    SLICE_X88Y312        LUT6 (Prop_E6LUT_SLICEM_I2_O)
                                                      0.124     0.543 r  fp_mul_E/ccs_reg[64]_i_16/O
                         net (fo=53, routed)          0.244     0.786    fp_mul_E/berexp_inst/exp_x_or_ccs[61]
    SLICE_X90Y313        LUT6 (Prop_G6LUT_SLICEL_I4_O)
                                                      0.149     0.935 r  fp_mul_E/ccs_reg[49]_i_12/O
                         net (fo=4, routed)           0.255     1.190    fp_mul_E/ccs_reg[49]_i_12_n_0
    SLICE_X91Y316        LUT6 (Prop_F6LUT_SLICEL_I5_O)
                                                      0.089     1.279 r  fp_mul_E/ccs_reg[48]_i_4/O
                         net (fo=3, routed)           0.178     1.457    fp_mul_E/ccs_reg[48]_i_4_n_0
    SLICE_X89Y317        LUT6 (Prop_H6LUT_SLICEM_I0_O)
                                                      0.152     1.609 r  fp_mul_E/ccs_reg[48]_i_3/O
                         net (fo=3, routed)           0.254     1.863    fp_mul_E/ccs_reg[48]_i_3_n_0
    SLICE_X88Y319        LUT6 (Prop_C6LUT_SLICEM_I2_O)
                                                      0.145     2.008 r  fp_mul_E/ccs_reg[32]_i_1/O
                         net (fo=3, routed)           0.246     2.254    berexp_inst/cmp_exp_x/refill_uniform_buf_instance/hotbits[3].par2ser/D[11]
    SLICE_X86Y320        LUT4 (Prop_E6LUT_SLICEM_I1_O)
                                                      0.100     2.354 r  berexp_inst/cmp_exp_x/refill_uniform_buf_instance/hotbits[3].par2ser/refill_exp\\.refill_req_INST_0_i_160/O
                         net (fo=2, routed)           0.259     2.613    fp_mul_E/sample_z1[31]_i_41_0
    SLICE_X84Y321        LUT6 (Prop_C6LUT_SLICEM_I4_O)
                                                      0.088     2.701 f  fp_mul_E/refill_exp\\.refill_req_INST_0_i_101/O
                         net (fo=1, routed)           0.159     2.860    fp_mul_E/refill_exp\\.refill_req_INST_0_i_101_n_0
    SLICE_X86Y324        LUT6 (Prop_G6LUT_SLICEM_I3_O)
                                                      0.037     2.897 f  fp_mul_E/refill_exp\\.refill_req_INST_0_i_37/O
                         net (fo=1, routed)           0.146     3.043    fp_mul_E/refill_exp\\.refill_req_INST_0_i_37_n_0
    SLICE_X86Y324        LUT6 (Prop_F6LUT_SLICEM_I5_O)
                                                      0.123     3.166 r  fp_mul_E/refill_exp\\.refill_req_INST_0_i_8/O
                         net (fo=15, routed)          0.173     3.340    fp_mul_E/refill_exp\\.refill_req_INST_0_i_8_n_0
    SLICE_X88Y323        LUT6 (Prop_H6LUT_SLICEM_I4_O)
                                                      0.053     3.393 f  fp_mul_E/count[2]_i_4__1/O
                         net (fo=12, routed)          0.208     3.601    berexp_inst/cmp_exp_x/refill_uniform_buf_instance/hotbits[1].par2ser/count_reg[2]_0
    SLICE_X88Y326        LUT6 (Prop_G6LUT_SLICEM_I4_O)
                                                      0.052     3.653 r  berexp_inst/cmp_exp_x/refill_uniform_buf_instance/hotbits[1].par2ser/refill_exp\\.refill_req_INST_0_i_13/O
                         net (fo=33, routed)          0.205     3.858    berexp_inst/cmp_exp_x/refill_uniform_buf_instance/hotbits[2].par2ser/shiftreg_reg[0]_1
    SLICE_X91Y325        LUT6 (Prop_C6LUT_SLICEL_I2_O)
                                                      0.123     3.981 r  berexp_inst/cmp_exp_x/refill_uniform_buf_instance/hotbits[2].par2ser/refill_exp\\.refill_req_INST_0_i_2/O
                         net (fo=11, routed)          0.211     4.192    fp_mul_E/refill_buf_reg[3][7]
    SLICE_X93Y323        LUT6 (Prop_F6LUT_SLICEM_I4_O)
                                                      0.051     4.243 r  fp_mul_E/refill_buf[3][7]_i_1__0/O
                         net (fo=8, routed)           0.161     4.404    berexp_inst/cmp_exp_x/refill_uniform_buf_instance/refill_buf_reg[3][7]_0[0]
    SLICE_X93Y323        FDRE                                         r  berexp_inst/cmp_exp_x/refill_uniform_buf_instance/refill_buf_reg[3][0]/CE
  -------------------------------------------------------------------    -------------------

                         (clock clk rise edge)        4.500     4.500 r  
                                                      0.000     4.500 r  clk (IN)
                         net (fo=3683, unset)         0.021     4.521    berexp_inst/cmp_exp_x/refill_uniform_buf_instance/clk
    SLICE_X93Y323        FDRE                                         r  berexp_inst/cmp_exp_x/refill_uniform_buf_instance/refill_buf_reg[3][0]/C
                         clock pessimism              0.000     4.521    
                         clock uncertainty           -0.035     4.486    
    SLICE_X93Y323        FDRE (Setup_EFF_SLICEM_C_CE)
                                                     -0.061     4.425    berexp_inst/cmp_exp_x/refill_uniform_buf_instance/refill_buf_reg[3][0]
  -------------------------------------------------------------------
                         required time                          4.425    
                         arrival time                          -4.404    
  -------------------------------------------------------------------
                         slack                                  0.021    

Slack (MET) :             0.021ns  (required time - arrival time)
  Source:                 state_sginv_reg[0]/C
                            (rising edge-triggered cell FDRE clocked by clk  {rise@0.000ns fall@2.250ns period=4.500ns})
  Destination:            berexp_inst/cmp_exp_x/refill_uniform_buf_instance/refill_buf_reg[3][2]/CE
                            (rising edge-triggered cell FDRE clocked by clk  {rise@0.000ns fall@2.250ns period=4.500ns})
  Path Group:             clk
  Path Type:              Setup (Max at Slow Process Corner)
  Requirement:            4.500ns  (clk rise@4.500ns - clk rise@0.000ns)
  Data Path Delay:        4.375ns  (logic 1.365ns (31.203%)  route 3.010ns (68.797%))
  Logic Levels:           13  (LUT4=1 LUT6=12)
  Clock Path Skew:        -0.008ns (DCD - SCD + CPR)
    Destination Clock Delay (DCD):    0.021ns = ( 4.521 - 4.500 ) 
    Source Clock Delay      (SCD):    0.029ns
    Clock Pessimism Removal (CPR):    0.000ns
  Clock Uncertainty:      0.035ns  ((TSJ^2 + TIJ^2)^1/2 + DJ) / 2 + PE
    Total System Jitter     (TSJ):    0.071ns
    Total Input Jitter      (TIJ):    0.000ns
    Discrete Jitter          (DJ):    0.000ns
    Phase Error              (PE):    0.000ns

    Location             Delay type                Incr(ns)  Path(ns)    Netlist Resource(s)
  -------------------------------------------------------------------    -------------------
                         (clock clk rise edge)        0.000     0.000 r  
                                                      0.000     0.000 r  clk (IN)
                         net (fo=3683, unset)         0.029     0.029    clk
    SLICE_X90Y313        FDRE                                         r  state_sginv_reg[0]/C
  -------------------------------------------------------------------    -------------------
    SLICE_X90Y313        FDRE (Prop_FFF_SLICEL_C_Q)
                                                      0.079     0.108 r  state_sginv_reg[0]/Q
                         net (fo=62, routed)          0.311     0.419    fp_mul_E/ccs_reg[15]_i_9_1
    SLICE_X88Y312        LUT6 (Prop_E6LUT_SLICEM_I2_O)
                                                      0.124     0.543 r  fp_mul_E/ccs_reg[64]_i_16/O
                         net (fo=53, routed)          0.244     0.786    fp_mul_E/berexp_inst/exp_x_or_ccs[61]
    SLICE_X90Y313        LUT6 (Prop_G6LUT_SLICEL_I4_O)
                                                      0.149     0.935 r  fp_mul_E/ccs_reg[49]_i_12/O
                         net (fo=4, routed)           0.255     1.190    fp_mul_E/ccs_reg[49]_i_12_n_0
    SLICE_X91Y316        LUT6 (Prop_F6LUT_SLICEL_I5_O)
                                                      0.089     1.279 r  fp_mul_E/ccs_reg[48]_i_4/O
                         net (fo=3, routed)           0.178     1.457    fp_mul_E/ccs_reg[48]_i_4_n_0
    SLICE_X89Y317        LUT6 (Prop_H6LUT_SLICEM_I0_O)
                                                      0.152     1.609 r  fp_mul_E/ccs_reg[48]_i_3/O
                         net (fo=3, routed)           0.254     1.863    fp_mul_E/ccs_reg[48]_i_3_n_0
    SLICE_X88Y319        LUT6 (Prop_C6LUT_SLICEM_I2_O)
                                                      0.145     2.008 r  fp_mul_E/ccs_reg[32]_i_1/O
                         net (fo=3, routed)           0.246     2.254    berexp_inst/cmp_exp_x/refill_uniform_buf_instance/hotbits[3].par2ser/D[11]
    SLICE_X86Y320        LUT4 (Prop_E6LUT_SLICEM_I1_O)
                                                      0.100     2.354 r  berexp_inst/cmp_exp_x/refill_uniform_buf_instance/hotbits[3].par2ser/refill_exp\\.refill_req_INST_0_i_160/O
                         net (fo=2, routed)           0.259     2.613    fp_mul_E/sample_z1[31]_i_41_0
    SLICE_X84Y321        LUT6 (Prop_C6LUT_SLICEM_I4_O)
                                                      0.088     2.701 f  fp_mul_E/refill_exp\\.refill_req_INST_0_i_101/O
                         net (fo=1, routed)           0.159     2.860    fp_mul_E/refill_exp\\.refill_req_INST_0_i_101_n_0
    SLICE_X86Y324        LUT6 (Prop_G6LUT_SLICEM_I3_O)
                                                      0.037     2.897 f  fp_mul_E/refill_exp\\.refill_req_INST_0_i_37/O
                         net (fo=1, routed)           0.146     3.043    fp_mul_E/refill_exp\\.refill_req_INST_0_i_37_n_0
    SLICE_X86Y324        LUT6 (Prop_F6LUT_SLICEM_I5_O)
                                                      0.123     3.166 r  fp_mul_E/refill_exp\\.refill_req_INST_0_i_8/O
                         net (fo=15, routed)          0.173     3.340    fp_mul_E/refill_exp\\.refill_req_INST_0_i_8_n_0
    SLICE_X88Y323        LUT6 (Prop_H6LUT_SLICEM_I4_O)
                                                      0.053     3.393 f  fp_mul_E/count[2]_i_4__1/O
                         net (fo=12, routed)          0.208     3.601    berexp_inst/cmp_exp_x/refill_uniform_buf_instance/hotbits[1].par2ser/count_reg[2]_0
    SLICE_X88Y326        LUT6 (Prop_G6LUT_SLICEM_I4_O)
                                                      0.052     3.653 r  berexp_inst/cmp_exp_x/refill_uniform_buf_instance/hotbits[1].par2ser/refill_exp\\.refill_req_INST_0_i_13/O
                         net (fo=33, routed)          0.205     3.858    berexp_inst/cmp_exp_x/refill_uniform_buf_instance/hotbits[2].par2ser/shiftreg_reg[0]_1
    SLICE_X91Y325        LUT6 (Prop_C6LUT_SLICEL_I2_O)
                                                      0.123     3.981 r  berexp_inst/cmp_exp_x/refill_uniform_buf_instance/hotbits[2].par2ser/refill_exp\\.refill_req_INST_0_i_2/O
                         net (fo=11, routed)          0.211     4.192    fp_mul_E/refill_buf_reg[3][7]
    SLICE_X93Y323        LUT6 (Prop_F6LUT_SLICEM_I4_O)
                                                      0.051     4.243 r  fp_mul_E/refill_buf[3][7]_i_1__0/O
                         net (fo=8, routed)           0.161     4.404    berexp_inst/cmp_exp_x/refill_uniform_buf_instance/refill_buf_reg[3][7]_0[0]
    SLICE_X93Y323        FDRE                                         r  berexp_inst/cmp_exp_x/refill_uniform_buf_instance/refill_buf_reg[3][2]/CE
  -------------------------------------------------------------------    -------------------

                         (clock clk rise edge)        4.500     4.500 r  
                                                      0.000     4.500 r  clk (IN)
                         net (fo=3683, unset)         0.021     4.521    berexp_inst/cmp_exp_x/refill_uniform_buf_instance/clk
    SLICE_X93Y323        FDRE                                         r  berexp_inst/cmp_exp_x/refill_uniform_buf_instance/refill_buf_reg[3][2]/C
                         clock pessimism              0.000     4.521    
                         clock uncertainty           -0.035     4.486    
    SLICE_X93Y323        FDRE (Setup_FFF_SLICEM_C_CE)
                                                     -0.061     4.425    berexp_inst/cmp_exp_x/refill_uniform_buf_instance/refill_buf_reg[3][2]
  -------------------------------------------------------------------
                         required time                          4.425    
                         arrival time                          -4.404    
  -------------------------------------------------------------------
                         slack                                  0.021    

Slack (MET) :             0.021ns  (required time - arrival time)
  Source:                 state_sginv_reg[0]/C
                            (rising edge-triggered cell FDRE clocked by clk  {rise@0.000ns fall@2.250ns period=4.500ns})
  Destination:            berexp_inst/cmp_exp_x/refill_uniform_buf_instance/refill_buf_reg[3][4]/CE
                            (rising edge-triggered cell FDRE clocked by clk  {rise@0.000ns fall@2.250ns period=4.500ns})
  Path Group:             clk
  Path Type:              Setup (Max at Slow Process Corner)
  Requirement:            4.500ns  (clk rise@4.500ns - clk rise@0.000ns)
  Data Path Delay:        4.375ns  (logic 1.365ns (31.203%)  route 3.010ns (68.797%))
  Logic Levels:           13  (LUT4=1 LUT6=12)
  Clock Path Skew:        -0.008ns (DCD - SCD + CPR)
    Destination Clock Delay (DCD):    0.021ns = ( 4.521 - 4.500 ) 
    Source Clock Delay      (SCD):    0.029ns
    Clock Pessimism Removal (CPR):    0.000ns
  Clock Uncertainty:      0.035ns  ((TSJ^2 + TIJ^2)^1/2 + DJ) / 2 + PE
    Total System Jitter     (TSJ):    0.071ns
    Total Input Jitter      (TIJ):    0.000ns
    Discrete Jitter          (DJ):    0.000ns
    Phase Error              (PE):    0.000ns

    Location             Delay type                Incr(ns)  Path(ns)    Netlist Resource(s)
  -------------------------------------------------------------------    -------------------
                         (clock clk rise edge)        0.000     0.000 r  
                                                      0.000     0.000 r  clk (IN)
                         net (fo=3683, unset)         0.029     0.029    clk
    SLICE_X90Y313        FDRE                                         r  state_sginv_reg[0]/C
  -------------------------------------------------------------------    -------------------
    SLICE_X90Y313        FDRE (Prop_FFF_SLICEL_C_Q)
                                                      0.079     0.108 r  state_sginv_reg[0]/Q
                         net (fo=62, routed)          0.311     0.419    fp_mul_E/ccs_reg[15]_i_9_1
    SLICE_X88Y312        LUT6 (Prop_E6LUT_SLICEM_I2_O)
                                                      0.124     0.543 r  fp_mul_E/ccs_reg[64]_i_16/O
                         net (fo=53, routed)          0.244     0.786    fp_mul_E/berexp_inst/exp_x_or_ccs[61]
    SLICE_X90Y313        LUT6 (Prop_G6LUT_SLICEL_I4_O)
                                                      0.149     0.935 r  fp_mul_E/ccs_reg[49]_i_12/O
                         net (fo=4, routed)           0.255     1.190    fp_mul_E/ccs_reg[49]_i_12_n_0
    SLICE_X91Y316        LUT6 (Prop_F6LUT_SLICEL_I5_O)
                                                      0.089     1.279 r  fp_mul_E/ccs_reg[48]_i_4/O
                         net (fo=3, routed)           0.178     1.457    fp_mul_E/ccs_reg[48]_i_4_n_0
    SLICE_X89Y317        LUT6 (Prop_H6LUT_SLICEM_I0_O)
                                                      0.152     1.609 r  fp_mul_E/ccs_reg[48]_i_3/O
                         net (fo=3, routed)           0.254     1.863    fp_mul_E/ccs_reg[48]_i_3_n_0
    SLICE_X88Y319        LUT6 (Prop_C6LUT_SLICEM_I2_O)
                                                      0.145     2.008 r  fp_mul_E/ccs_reg[32]_i_1/O
                         net (fo=3, routed)           0.246     2.254    berexp_inst/cmp_exp_x/refill_uniform_buf_instance/hotbits[3].par2ser/D[11]
    SLICE_X86Y320        LUT4 (Prop_E6LUT_SLICEM_I1_O)
                                                      0.100     2.354 r  berexp_inst/cmp_exp_x/refill_uniform_buf_instance/hotbits[3].par2ser/refill_exp\\.refill_req_INST_0_i_160/O
                         net (fo=2, routed)           0.259     2.613    fp_mul_E/sample_z1[31]_i_41_0
    SLICE_X84Y321        LUT6 (Prop_C6LUT_SLICEM_I4_O)
                                                      0.088     2.701 f  fp_mul_E/refill_exp\\.refill_req_INST_0_i_101/O
                         net (fo=1, routed)           0.159     2.860    fp_mul_E/refill_exp\\.refill_req_INST_0_i_101_n_0
    SLICE_X86Y324        LUT6 (Prop_G6LUT_SLICEM_I3_O)
                                                      0.037     2.897 f  fp_mul_E/refill_exp\\.refill_req_INST_0_i_37/O
                         net (fo=1, routed)           0.146     3.043    fp_mul_E/refill_exp\\.refill_req_INST_0_i_37_n_0
    SLICE_X86Y324        LUT6 (Prop_F6LUT_SLICEM_I5_O)
                                                      0.123     3.166 r  fp_mul_E/refill_exp\\.refill_req_INST_0_i_8/O
                         net (fo=15, routed)          0.173     3.340    fp_mul_E/refill_exp\\.refill_req_INST_0_i_8_n_0
    SLICE_X88Y323        LUT6 (Prop_H6LUT_SLICEM_I4_O)
                                                      0.053     3.393 f  fp_mul_E/count[2]_i_4__1/O
                         net (fo=12, routed)          0.208     3.601    berexp_inst/cmp_exp_x/refill_uniform_buf_instance/hotbits[1].par2ser/count_reg[2]_0
    SLICE_X88Y326        LUT6 (Prop_G6LUT_SLICEM_I4_O)
                                                      0.052     3.653 r  berexp_inst/cmp_exp_x/refill_uniform_buf_instance/hotbits[1].par2ser/refill_exp\\.refill_req_INST_0_i_13/O
                         net (fo=33, routed)          0.205     3.858    berexp_inst/cmp_exp_x/refill_uniform_buf_instance/hotbits[2].par2ser/shiftreg_reg[0]_1
    SLICE_X91Y325        LUT6 (Prop_C6LUT_SLICEL_I2_O)
                                                      0.123     3.981 r  berexp_inst/cmp_exp_x/refill_uniform_buf_instance/hotbits[2].par2ser/refill_exp\\.refill_req_INST_0_i_2/O
                         net (fo=11, routed)          0.211     4.192    fp_mul_E/refill_buf_reg[3][7]
    SLICE_X93Y323        LUT6 (Prop_F6LUT_SLICEM_I4_O)
                                                      0.051     4.243 r  fp_mul_E/refill_buf[3][7]_i_1__0/O
                         net (fo=8, routed)           0.161     4.404    berexp_inst/cmp_exp_x/refill_uniform_buf_instance/refill_buf_reg[3][7]_0[0]
    SLICE_X93Y323        FDRE                                         r  berexp_inst/cmp_exp_x/refill_uniform_buf_instance/refill_buf_reg[3][4]/CE
  -------------------------------------------------------------------    -------------------

                         (clock clk rise edge)        4.500     4.500 r  
                                                      0.000     4.500 r  clk (IN)
                         net (fo=3683, unset)         0.021     4.521    berexp_inst/cmp_exp_x/refill_uniform_buf_instance/clk
    SLICE_X93Y323        FDRE                                         r  berexp_inst/cmp_exp_x/refill_uniform_buf_instance/refill_buf_reg[3][4]/C
                         clock pessimism              0.000     4.521    
                         clock uncertainty           -0.035     4.486    
    SLICE_X93Y323        FDRE (Setup_GFF_SLICEM_C_CE)
                                                     -0.061     4.425    berexp_inst/cmp_exp_x/refill_uniform_buf_instance/refill_buf_reg[3][4]
  -------------------------------------------------------------------
                         required time                          4.425    
                         arrival time                          -4.404    
  -------------------------------------------------------------------
                         slack                                  0.021    

Slack (MET) :             0.021ns  (required time - arrival time)
  Source:                 state_sginv_reg[0]/C
                            (rising edge-triggered cell FDRE clocked by clk  {rise@0.000ns fall@2.250ns period=4.500ns})
  Destination:            berexp_inst/cmp_exp_x/refill_uniform_buf_instance/refill_buf_reg[3][6]/CE
                            (rising edge-triggered cell FDRE clocked by clk  {rise@0.000ns fall@2.250ns period=4.500ns})
  Path Group:             clk
  Path Type:              Setup (Max at Slow Process Corner)
  Requirement:            4.500ns  (clk rise@4.500ns - clk rise@0.000ns)
  Data Path Delay:        4.375ns  (logic 1.365ns (31.203%)  route 3.010ns (68.797%))
  Logic Levels:           13  (LUT4=1 LUT6=12)
  Clock Path Skew:        -0.008ns (DCD - SCD + CPR)
    Destination Clock Delay (DCD):    0.021ns = ( 4.521 - 4.500 ) 
    Source Clock Delay      (SCD):    0.029ns
    Clock Pessimism Removal (CPR):    0.000ns
  Clock Uncertainty:      0.035ns  ((TSJ^2 + TIJ^2)^1/2 + DJ) / 2 + PE
    Total System Jitter     (TSJ):    0.071ns
    Total Input Jitter      (TIJ):    0.000ns
    Discrete Jitter          (DJ):    0.000ns
    Phase Error              (PE):    0.000ns

    Location             Delay type                Incr(ns)  Path(ns)    Netlist Resource(s)
  -------------------------------------------------------------------    -------------------
                         (clock clk rise edge)        0.000     0.000 r  
                                                      0.000     0.000 r  clk (IN)
                         net (fo=3683, unset)         0.029     0.029    clk
    SLICE_X90Y313        FDRE                                         r  state_sginv_reg[0]/C
  -------------------------------------------------------------------    -------------------
    SLICE_X90Y313        FDRE (Prop_FFF_SLICEL_C_Q)
                                                      0.079     0.108 r  state_sginv_reg[0]/Q
                         net (fo=62, routed)          0.311     0.419    fp_mul_E/ccs_reg[15]_i_9_1
    SLICE_X88Y312        LUT6 (Prop_E6LUT_SLICEM_I2_O)
                                                      0.124     0.543 r  fp_mul_E/ccs_reg[64]_i_16/O
                         net (fo=53, routed)          0.244     0.786    fp_mul_E/berexp_inst/exp_x_or_ccs[61]
    SLICE_X90Y313        LUT6 (Prop_G6LUT_SLICEL_I4_O)
                                                      0.149     0.935 r  fp_mul_E/ccs_reg[49]_i_12/O
                         net (fo=4, routed)           0.255     1.190    fp_mul_E/ccs_reg[49]_i_12_n_0
    SLICE_X91Y316        LUT6 (Prop_F6LUT_SLICEL_I5_O)
                                                      0.089     1.279 r  fp_mul_E/ccs_reg[48]_i_4/O
                         net (fo=3, routed)           0.178     1.457    fp_mul_E/ccs_reg[48]_i_4_n_0
    SLICE_X89Y317        LUT6 (Prop_H6LUT_SLICEM_I0_O)
                                                      0.152     1.609 r  fp_mul_E/ccs_reg[48]_i_3/O
                         net (fo=3, routed)           0.254     1.863    fp_mul_E/ccs_reg[48]_i_3_n_0
    SLICE_X88Y319        LUT6 (Prop_C6LUT_SLICEM_I2_O)
                                                      0.145     2.008 r  fp_mul_E/ccs_reg[32]_i_1/O
                         net (fo=3, routed)           0.246     2.254    berexp_inst/cmp_exp_x/refill_uniform_buf_instance/hotbits[3].par2ser/D[11]
    SLICE_X86Y320        LUT4 (Prop_E6LUT_SLICEM_I1_O)
                                                      0.100     2.354 r  berexp_inst/cmp_exp_x/refill_uniform_buf_instance/hotbits[3].par2ser/refill_exp\\.refill_req_INST_0_i_160/O
                         net (fo=2, routed)           0.259     2.613    fp_mul_E/sample_z1[31]_i_41_0
    SLICE_X84Y321        LUT6 (Prop_C6LUT_SLICEM_I4_O)
                                                      0.088     2.701 f  fp_mul_E/refill_exp\\.refill_req_INST_0_i_101/O
                         net (fo=1, routed)           0.159     2.860    fp_mul_E/refill_exp\\.refill_req_INST_0_i_101_n_0
    SLICE_X86Y324        LUT6 (Prop_G6LUT_SLICEM_I3_O)
                                                      0.037     2.897 f  fp_mul_E/refill_exp\\.refill_req_INST_0_i_37/O
                         net (fo=1, routed)           0.146     3.043    fp_mul_E/refill_exp\\.refill_req_INST_0_i_37_n_0
    SLICE_X86Y324        LUT6 (Prop_F6LUT_SLICEM_I5_O)
                                                      0.123     3.166 r  fp_mul_E/refill_exp\\.refill_req_INST_0_i_8/O
                         net (fo=15, routed)          0.173     3.340    fp_mul_E/refill_exp\\.refill_req_INST_0_i_8_n_0
    SLICE_X88Y323        LUT6 (Prop_H6LUT_SLICEM_I4_O)
                                                      0.053     3.393 f  fp_mul_E/count[2]_i_4__1/O
                         net (fo=12, routed)          0.208     3.601    berexp_inst/cmp_exp_x/refill_uniform_buf_instance/hotbits[1].par2ser/count_reg[2]_0
    SLICE_X88Y326        LUT6 (Prop_G6LUT_SLICEM_I4_O)
                                                      0.052     3.653 r  berexp_inst/cmp_exp_x/refill_uniform_buf_instance/hotbits[1].par2ser/refill_exp\\.refill_req_INST_0_i_13/O
                         net (fo=33, routed)          0.205     3.858    berexp_inst/cmp_exp_x/refill_uniform_buf_instance/hotbits[2].par2ser/shiftreg_reg[0]_1
    SLICE_X91Y325        LUT6 (Prop_C6LUT_SLICEL_I2_O)
                                                      0.123     3.981 r  berexp_inst/cmp_exp_x/refill_uniform_buf_instance/hotbits[2].par2ser/refill_exp\\.refill_req_INST_0_i_2/O
                         net (fo=11, routed)          0.211     4.192    fp_mul_E/refill_buf_reg[3][7]
    SLICE_X93Y323        LUT6 (Prop_F6LUT_SLICEM_I4_O)
                                                      0.051     4.243 r  fp_mul_E/refill_buf[3][7]_i_1__0/O
                         net (fo=8, routed)           0.161     4.404    berexp_inst/cmp_exp_x/refill_uniform_buf_instance/refill_buf_reg[3][7]_0[0]
    SLICE_X93Y323        FDRE                                         r  berexp_inst/cmp_exp_x/refill_uniform_buf_instance/refill_buf_reg[3][6]/CE
  -------------------------------------------------------------------    -------------------

                         (clock clk rise edge)        4.500     4.500 r  
                                                      0.000     4.500 r  clk (IN)
                         net (fo=3683, unset)         0.021     4.521    berexp_inst/cmp_exp_x/refill_uniform_buf_instance/clk
    SLICE_X93Y323        FDRE                                         r  berexp_inst/cmp_exp_x/refill_uniform_buf_instance/refill_buf_reg[3][6]/C
                         clock pessimism              0.000     4.521    
                         clock uncertainty           -0.035     4.486    
    SLICE_X93Y323        FDRE (Setup_HFF_SLICEM_C_CE)
                                                     -0.061     4.425    berexp_inst/cmp_exp_x/refill_uniform_buf_instance/refill_buf_reg[3][6]
  -------------------------------------------------------------------
                         required time                          4.425    
                         arrival time                          -4.404    
  -------------------------------------------------------------------
                         slack                                  0.021    

Slack (MET) :             0.041ns  (required time - arrival time)
  Source:                 <hidden>
                            (rising edge-triggered cell FDRE clocked by clk  {rise@0.000ns fall@2.250ns period=4.500ns})
  Destination:            <hidden>
                            (rising edge-triggered cell FDRE clocked by clk  {rise@0.000ns fall@2.250ns period=4.500ns})
  Path Group:             clk
  Path Type:              Setup (Max at Slow Process Corner)
  Requirement:            4.500ns  (clk rise@4.500ns - clk rise@0.000ns)
  Data Path Delay:        4.439ns  (logic 2.080ns (46.860%)  route 2.359ns (53.140%))
  Logic Levels:           19  (CARRY8=3 DSP_ALU=1 DSP_OUTPUT=1 LUT2=2 LUT3=1 LUT4=1 LUT5=2 LUT6=6 MUXF7=1 MUXF8=1)
  Clock Path Skew:        -0.010ns (DCD - SCD + CPR)
    Destination Clock Delay (DCD):    0.020ns = ( 4.520 - 4.500 ) 
    Source Clock Delay      (SCD):    0.030ns
    Clock Pessimism Removal (CPR):    0.000ns
  Clock Uncertainty:      0.035ns  ((TSJ^2 + TIJ^2)^1/2 + DJ) / 2 + PE
    Total System Jitter     (TSJ):    0.071ns
    Total Input Jitter      (TIJ):    0.000ns
    Discrete Jitter          (DJ):    0.000ns
    Phase Error              (PE):    0.000ns

    Location             Delay type                Incr(ns)  Path(ns)    Netlist Resource(s)
  -------------------------------------------------------------------    -------------------
                         (clock clk rise edge)        0.000     0.000 r  
                                                      0.000     0.000 r  clk (IN)
                         net (fo=3683, unset)         0.030     0.030    <hidden>
    SLICE_X94Y114        FDRE                                         r  <hidden>
  -------------------------------------------------------------------    -------------------
    SLICE_X94Y114        FDRE (Prop_HFF_SLICEM_C_Q)
                                                      0.079     0.109 r  <hidden>
                         net (fo=5, routed)           0.170     0.279    <hidden>
    SLICE_X92Y114        LUT3 (Prop_E6LUT_SLICEL_I2_O)
                                                      0.051     0.330 r  <hidden>
                         net (fo=108, routed)         0.271     0.602    <hidden>
    SLICE_X90Y115        LUT6 (Prop_H6LUT_SLICEL_I4_O)
                                                      0.099     0.701 f  <hidden>
                         net (fo=4, routed)           0.265     0.966    <hidden>
    SLICE_X93Y115        LUT4 (Prop_H6LUT_SLICEM_I0_O)
                                                      0.101     1.067 r  <hidden>
                         net (fo=1, routed)           0.015     1.082    <hidden>
    SLICE_X93Y115        CARRY8 (Prop_CARRY8_SLICEM_S[7]_CO[7])
                                                      0.124     1.206 f  <hidden>
                         net (fo=2, routed)           0.005     1.211    <hidden>
    SLICE_X93Y116        CARRY8 (Prop_CARRY8_SLICEM_CI_CO[4])
                                                      0.092     1.303 f  <hidden>
                         net (fo=2, routed)           0.127     1.430    <hidden>
    SLICE_X92Y116        LUT6 (Prop_G6LUT_SLICEL_I4_O)
                                                      0.089     1.519 f  <hidden>
                         net (fo=1, routed)           0.192     1.711    <hidden>
    SLICE_X92Y113        LUT5 (Prop_E6LUT_SLICEL_I2_O)
                                                      0.035     1.746 f  <hidden>
                         net (fo=1, routed)           0.042     1.788    <hidden>
    SLICE_X92Y113        LUT6 (Prop_A6LUT_SLICEL_I0_O)
                                                      0.050     1.838 f  <hidden>
                         net (fo=1, routed)           0.009     1.847    <hidden>
    SLICE_X92Y113        MUXF7 (Prop_F7MUX_AB_SLICEL_I1_O)
                                                      0.057     1.904 f  <hidden>
                         net (fo=1, routed)           0.000     1.904    <hidden>
    SLICE_X92Y113        MUXF8 (Prop_F8MUX_BOT_SLICEL_I1_O)
                                                      0.033     1.937 f  <hidden>
                         net (fo=2, routed)           0.137     2.074    <hidden>
    SLICE_X92Y116        LUT2 (Prop_B6LUT_SLICEL_I1_O)
                                                      0.036     2.110 r  <hidden>
                         net (fo=1, routed)           0.267     2.377    <hidden>
    DSP48E2_X12Y49       DSP_ALU (Prop_DSP_ALU_DSP48E2_CARRYIN_ALU_OUT[47])
                                                      0.517     2.894 f  <hidden>
                         net (fo=1, routed)           0.000     2.894    <hidden>
    DSP48E2_X12Y49       DSP_OUTPUT (Prop_DSP_OUTPUT_DSP48E2_ALU_OUT[47]_P[47])
                                                      0.109     3.003 r  <hidden>
                         net (fo=16, routed)          0.250     3.253    <hidden>
    SLICE_X92Y121        LUT5 (Prop_C6LUT_SLICEL_I3_O)
                                                      0.123     3.376 f  <hidden>
                         net (fo=2, routed)           0.090     3.466    <hidden>
    SLICE_X90Y121        LUT6 (Prop_B6LUT_SLICEL_I5_O)
                                                      0.036     3.502 r  <hidden>
                         net (fo=1, routed)           0.009     3.511    <hidden>
    SLICE_X90Y121        CARRY8 (Prop_CARRY8_SLICEL_S[1]_CO[7])
                                                      0.200     3.711 r  <hidden>
                         net (fo=67, routed)          0.208     3.919    <hidden>
    SLICE_X91Y121        LUT2 (Prop_E6LUT_SLICEL_I0_O)
                                                      0.035     3.954 r  <hidden>
                         net (fo=7, routed)           0.112     4.066    <hidden>
    SLICE_X91Y120        LUT6 (Prop_H6LUT_SLICEL_I4_O)
                                                      0.124     4.190 r  <hidden>
                         net (fo=1, routed)           0.141     4.331    <hidden>
    SLICE_X91Y120        LUT6 (Prop_A6LUT_SLICEL_I0_O)
                                                      0.090     4.421 r  <hidden>
                         net (fo=1, routed)           0.048     4.469    <hidden>
    SLICE_X91Y120        FDRE                                         r  <hidden>
  -------------------------------------------------------------------    -------------------

                         (clock clk rise edge)        4.500     4.500 r  
                                                      0.000     4.500 r  clk (IN)
                         net (fo=3683, unset)         0.020     4.520    <hidden>
    SLICE_X91Y120        FDRE                                         r  <hidden>
                         clock pessimism              0.000     4.520    
                         clock uncertainty           -0.035     4.485    
    SLICE_X91Y120        FDRE (Setup_AFF_SLICEL_C_D)
                                                      0.025     4.510    <hidden>
  -------------------------------------------------------------------
                         required time                          4.510    
                         arrival time                          -4.469    
  -------------------------------------------------------------------
                         slack                                  0.041    

Slack (MET) :             0.041ns  (required time - arrival time)
  Source:                 state_sginv_reg[0]/C
                            (rising edge-triggered cell FDRE clocked by clk  {rise@0.000ns fall@2.250ns period=4.500ns})
  Destination:            berexp_inst/cmp_exp_x/refill_uniform_buf_instance/refill_buf_reg[2][1]/CE
                            (rising edge-triggered cell FDRE clocked by clk  {rise@0.000ns fall@2.250ns period=4.500ns})
  Path Group:             clk
  Path Type:              Setup (Max at Slow Process Corner)
  Requirement:            4.500ns  (clk rise@4.500ns - clk rise@0.000ns)
  Data Path Delay:        4.355ns  (logic 1.363ns (31.300%)  route 2.992ns (68.700%))
  Logic Levels:           13  (LUT4=1 LUT5=1 LUT6=11)
  Clock Path Skew:        -0.009ns (DCD - SCD + CPR)
    Destination Clock Delay (DCD):    0.020ns = ( 4.520 - 4.500 ) 
    Source Clock Delay      (SCD):    0.029ns
    Clock Pessimism Removal (CPR):    0.000ns
  Clock Uncertainty:      0.035ns  ((TSJ^2 + TIJ^2)^1/2 + DJ) / 2 + PE
    Total System Jitter     (TSJ):    0.071ns
    Total Input Jitter      (TIJ):    0.000ns
    Discrete Jitter          (DJ):    0.000ns
    Phase Error              (PE):    0.000ns

    Location             Delay type                Incr(ns)  Path(ns)    Netlist Resource(s)
  -------------------------------------------------------------------    -------------------
                         (clock clk rise edge)        0.000     0.000 r  
                                                      0.000     0.000 r  clk (IN)
                         net (fo=3683, unset)         0.029     0.029    clk
    SLICE_X90Y313        FDRE                                         r  state_sginv_reg[0]/C
  -------------------------------------------------------------------    -------------------
    SLICE_X90Y313        FDRE (Prop_FFF_SLICEL_C_Q)
                                                      0.079     0.108 r  state_sginv_reg[0]/Q
                         net (fo=62, routed)          0.311     0.419    fp_mul_E/ccs_reg[15]_i_9_1
    SLICE_X88Y312        LUT6 (Prop_E6LUT_SLICEM_I2_O)
                                                      0.124     0.543 r  fp_mul_E/ccs_reg[64]_i_16/O
                         net (fo=53, routed)          0.244     0.786    fp_mul_E/berexp_inst/exp_x_or_ccs[61]
    SLICE_X90Y313        LUT6 (Prop_G6LUT_SLICEL_I4_O)
                                                      0.149     0.935 r  fp_mul_E/ccs_reg[49]_i_12/O
                         net (fo=4, routed)           0.255     1.190    fp_mul_E/ccs_reg[49]_i_12_n_0
    SLICE_X91Y316        LUT6 (Prop_F6LUT_SLICEL_I5_O)
                                                      0.089     1.279 r  fp_mul_E/ccs_reg[48]_i_4/O
                         net (fo=3, routed)           0.178     1.457    fp_mul_E/ccs_reg[48]_i_4_n_0
    SLICE_X89Y317        LUT6 (Prop_H6LUT_SLICEM_I0_O)
                                                      0.152     1.609 r  fp_mul_E/ccs_reg[48]_i_3/O
                         net (fo=3, routed)           0.254     1.863    fp_mul_E/ccs_reg[48]_i_3_n_0
    SLICE_X88Y319        LUT6 (Prop_C6LUT_SLICEM_I2_O)
                                                      0.145     2.008 r  fp_mul_E/ccs_reg[32]_i_1/O
                         net (fo=3, routed)           0.246     2.254    berexp_inst/cmp_exp_x/refill_uniform_buf_instance/hotbits[3].par2ser/D[11]
    SLICE_X86Y320        LUT4 (Prop_E6LUT_SLICEM_I1_O)
                                                      0.100     2.354 r  berexp_inst/cmp_exp_x/refill_uniform_buf_instance/hotbits[3].par2ser/refill_exp\\.refill_req_INST_0_i_160/O
                         net (fo=2, routed)           0.259     2.613    fp_mul_E/sample_z1[31]_i_41_0
    SLICE_X84Y321        LUT6 (Prop_C6LUT_SLICEM_I4_O)
                                                      0.088     2.701 f  fp_mul_E/refill_exp\\.refill_req_INST_0_i_101/O
                         net (fo=1, routed)           0.159     2.860    fp_mul_E/refill_exp\\.refill_req_INST_0_i_101_n_0
    SLICE_X86Y324        LUT6 (Prop_G6LUT_SLICEM_I3_O)
                                                      0.037     2.897 f  fp_mul_E/refill_exp\\.refill_req_INST_0_i_37/O
                         net (fo=1, routed)           0.146     3.043    fp_mul_E/refill_exp\\.refill_req_INST_0_i_37_n_0
    SLICE_X86Y324        LUT6 (Prop_F6LUT_SLICEM_I5_O)
                                                      0.123     3.166 r  fp_mul_E/refill_exp\\.refill_req_INST_0_i_8/O
                         net (fo=15, routed)          0.173     3.340    fp_mul_E/refill_exp\\.refill_req_INST_0_i_8_n_0
    SLICE_X88Y323        LUT6 (Prop_H6LUT_SLICEM_I4_O)
                                                      0.053     3.393 f  fp_mul_E/count[2]_i_4__1/O
                         net (fo=12, routed)          0.208     3.601    berexp_inst/cmp_exp_x/refill_uniform_buf_instance/hotbits[1].par2ser/count_reg[2]_0
    SLICE_X88Y326        LUT6 (Prop_G6LUT_SLICEM_I4_O)
                                                      0.052     3.653 r  berexp_inst/cmp_exp_x/refill_uniform_buf_instance/hotbits[1].par2ser/refill_exp\\.refill_req_INST_0_i_13/O
                         net (fo=33, routed)          0.205     3.858    berexp_inst/cmp_exp_x/refill_uniform_buf_instance/hotbits[2].par2ser/shiftreg_reg[0]_1
    SLICE_X91Y325        LUT6 (Prop_C6LUT_SLICEL_I2_O)
                                                      0.123     3.981 r  berexp_inst/cmp_exp_x/refill_uniform_buf_instance/hotbits[2].par2ser/refill_exp\\.refill_req_INST_0_i_2/O
                         net (fo=11, routed)          0.150     4.131    fp_mul_E/refill_buf_reg[3][7]
    SLICE_X92Y324        LUT5 (Prop_F6LUT_SLICEL_I3_O)
                                                      0.049     4.180 r  fp_mul_E/refill_buf[2][7]_i_1__1/O
                         net (fo=8, routed)           0.204     4.384    berexp_inst/cmp_exp_x/refill_uniform_buf_instance/refill_buf_reg[2][7]_0[0]
    SLICE_X92Y324        FDRE                                         r  berexp_inst/cmp_exp_x/refill_uniform_buf_instance/refill_buf_reg[2][1]/CE
  -------------------------------------------------------------------    -------------------

                         (clock clk rise edge)        4.500     4.500 r  
                                                      0.000     4.500 r  clk (IN)
                         net (fo=3683, unset)         0.020     4.520    berexp_inst/cmp_exp_x/refill_uniform_buf_instance/clk
    SLICE_X92Y324        FDRE                                         r  berexp_inst/cmp_exp_x/refill_uniform_buf_instance/refill_buf_reg[2][1]/C
                         clock pessimism              0.000     4.520    
                         clock uncertainty           -0.035     4.485    
    SLICE_X92Y324        FDRE (Setup_EFF2_SLICEL_C_CE)
                                                     -0.060     4.425    berexp_inst/cmp_exp_x/refill_uniform_buf_instance/refill_buf_reg[2][1]
  -------------------------------------------------------------------
                         required time                          4.425    
                         arrival time                          -4.384    
  -------------------------------------------------------------------
                         slack                                  0.041    




