Copyright 1986-2022 Xilinx, Inc. All Rights Reserved. Copyright 2022-2025 Advanced Micro Devices, Inc. All Rights Reserved.
---------------------------------------------------------------------------------------------------------------------------------------------
| Tool Version : Vivado v.2025.1 (lin64) Build 6140274 Wed May 21 22:58:25 MDT 2025
| Date         : Mon Oct  5 17:43:09 2026
| Host         : <redacted>
| Command      : report_utilization -hierarchical -file ../final/reports/zcu104-samplerz/utilization-hierarchical.rpt
| Design       : samplerz
| Device       : xczu7ev-ffvc1156-2-e
| Speed File   : -2
| Design State : Routed
---------------------------------------------------------------------------------------------------------------------------------------------

Utilization Design Information

Table of Contents
-----------------
1. Utilization by Hierarchy

1. Utilization by Hierarchy
---------------------------

+------------------------------------------------------------------------+---------------------------------------------------------------------+------------+------------+---------+------+------+--------+--------+------+------------+
|                                Instance                                |                                Module                               | Total LUTs | Logic LUTs | LUTRAMs | SRLs |  FFs | RAMB36 | RAMB18 | URAM | DSP Blocks |
+------------------------------------------------------------------------+---------------------------------------------------------------------+------------+------------+---------+------+------+--------+--------+------+------------+
| samplerz                                                               |                                                               (top) |       7037 |       6981 |       0 |   56 | 3431 |      1 |      1 |    0 |         30 |
|   (samplerz)                                                           |                                                               (top) |          8 |          8 |       0 |    0 |  336 |      0 |      0 |    0 |          0 |
|   base_sampler                                                         |                                             refillable_base_sampler |        699 |        699 |       0 |    0 |  332 |      0 |      0 |    0 |          0 |
|     refill_uniform_buf_instance                                        |                                                  refill_uniform_buf |        699 |        699 |       0 |    0 |  332 |      0 |      0 |    0 |          0 |
|       (refill_uniform_buf_instance)                                    |                                                  refill_uniform_buf |        236 |        236 |       0 |    0 |  152 |      0 |      0 |    0 |          0 |
|       hotbits[3].par2ser                                               |                                              parallel_to_serial_309 |         55 |         55 |       0 |    0 |   30 |      0 |      0 |    0 |          0 |
|       hotbits[4].par2ser                                               |                                              parallel_to_serial_310 |        136 |        136 |       0 |    0 |   30 |      0 |      0 |    0 |          0 |
|       hotbits[5].par2ser                                               |                                              parallel_to_serial_311 |        194 |        194 |       0 |    0 |   30 |      0 |      0 |    0 |          0 |
|   berexp_inst                                                          |                                                              berexp |       3071 |       3020 |       0 |   51 | 2062 |      1 |      1 |    0 |          6 |
|     (berexp_inst)                                                      |                                                              berexp |         11 |         11 |       0 |    0 |  140 |      0 |      0 |    0 |          0 |
|     cmp_ccs                                                            |                                              refillable_uniform_cmp |        326 |        326 |       0 |    0 |  239 |      0 |      0 |    0 |          0 |
|       refill_uniform_buf_instance                                      |                              refill_uniform_buf__parameterized0_301 |        326 |        326 |       0 |    0 |  239 |      0 |      0 |    0 |          0 |
|         (refill_uniform_buf_instance)                                  |                              refill_uniform_buf__parameterized0_301 |         37 |         37 |       0 |    0 |  134 |      0 |      0 |    0 |          0 |
|         hotbits[1].par2ser                                             |                              parallel_to_serial__parameterized0_303 |         82 |         82 |       0 |    0 |   21 |      0 |      0 |    0 |          0 |
|         hotbits[4].par2ser                                             |                              parallel_to_serial__parameterized0_306 |        115 |        115 |       0 |    0 |   21 |      0 |      0 |    0 |          0 |
|     cmp_exp_x                                                          |                                          refillable_uniform_cmp_218 |        251 |        251 |       0 |    0 |  239 |      0 |      0 |    0 |          0 |
|       refill_uniform_buf_instance                                      |                                  refill_uniform_buf__parameterized0 |        251 |        251 |       0 |    0 |  239 |      0 |      0 |    0 |          0 |
|         (refill_uniform_buf_instance)                                  |                                  refill_uniform_buf__parameterized0 |         37 |         37 |       0 |    0 |  134 |      0 |      0 |    0 |          0 |
|         hotbits[2].par2ser                                             |                              parallel_to_serial__parameterized0_298 |         54 |         54 |       0 |    0 |   21 |      0 |      0 |    0 |          0 |
|         hotbits[3].par2ser                                             |                              parallel_to_serial__parameterized0_299 |         61 |         61 |       0 |    0 |   21 |      0 |      0 |    0 |          0 |
|     i_exp_x                                                            |                                                              fp_exp |       2440 |       2395 |       0 |   45 | 1438 |      1 |      1 |    0 |          6 |
|       (i_exp_x)                                                        |                                                              fp_exp |          8 |          8 |       0 |    0 |  129 |      0 |      0 |    0 |          0 |
|       inst                                                             |                                                    flopoco_ieee_exp |       2432 |       2387 |       0 |   45 | 1309 |      1 |      1 |    0 |          6 |
|         (inst)                                                         |                                                    flopoco_ieee_exp |         59 |         27 |       0 |   32 |  120 |      0 |      0 |    0 |          0 |
|         exp_helper                                                     |                                              Exp_11_52_Freq150_uid6 |       1752 |       1739 |       0 |   13 | 1048 |      1 |      1 |    0 |          6 |
|           Adder_expZm1                                                 |                                         IntAdder_47_Freq150_uid1093 |        356 |        356 |       0 |    0 |   92 |      0 |      0 |    0 |          0 |
|           MulLog2                                                      |                                            FixRealKCM_Freq150_uid20 |         56 |         56 |       0 |    0 |  108 |      0 |      0 |    0 |          0 |
|             bitheapFinalAdd_bh21                                       |                                           IntAdder_68_Freq150_uid30 |         56 |         56 |       0 |    0 |  108 |      0 |      0 |    0 |          0 |
|           TheFinalAdder                                                |                                         IntAdder_57_Freq150_uid1687 |        339 |        326 |       0 |   13 |  129 |      0 |      0 |    0 |          0 |
|           TheLowerProduct                                              |                              IntMultiplier_46x47_48_Freq150_uid1095 |        385 |        385 |       0 |    0 |  379 |      0 |      0 |    0 |          3 |
|             (TheLowerProduct)                                          |                              IntMultiplier_46x47_48_Freq150_uid1095 |          0 |          0 |       0 |    0 |   97 |      0 |      0 |    0 |          0 |
|             bitheapFinalAdd_bh1097                                     |                                         IntAdder_50_Freq150_uid1684 |         74 |         74 |       0 |    0 |   69 |      0 |      0 |    0 |          0 |
|           poly                                                         |                            FixFunctionByPiecewisePoly_Freq150_uid44 |        353 |        353 |       0 |    0 |  275 |      0 |      0 |    0 |          3 |
|             Horner                                                     |                                    FixHornerEvaluator_Freq150_uid49 |        349 |        349 |       0 |    0 |  275 |      0 |      0 |    0 |          3 |
|               FixHornerEvaluator_Freq150_uid49_step_1                  | FixMultAdd_signed_x_0_M24_y_M17_M41_a_M9_M41_r_M9_M41_Freq150_uid51 |        206 |        206 |       0 |    0 |  117 |      0 |      0 |    0 |          1 |
|                 (FixHornerEvaluator_Freq150_uid49_step_1)              | FixMultAdd_signed_x_0_M24_y_M17_M41_a_M9_M41_r_M9_M41_Freq150_uid51 |        150 |        150 |       0 |    0 |  117 |      0 |      0 |    0 |          0 |
|               FixHornerEvaluator_Freq150_uid49_step_0                  | FixMultAdd_signed_x_0_M28_y_M9_M41_a_M2_M41_r_M1_M41_Freq150_uid521 |        140 |        140 |       0 |    0 |  158 |      0 |      0 |    0 |          2 |
|                 (FixHornerEvaluator_Freq150_uid49_step_0)              | FixMultAdd_signed_x_0_M28_y_M9_M41_a_M2_M41_r_M1_M41_Freq150_uid521 |         12 |         12 |       0 |    0 |  157 |      0 |      0 |    0 |          0 |
|                 bitheapFinalAdd_bh522                                  |                                         IntAdder_45_Freq150_uid1090 |        105 |        105 |       0 |    0 |    0 |      0 |      0 |    0 |          0 |
|           theYAdder                                                    |                                           IntAdder_56_Freq150_uid33 |        257 |        257 |       0 |    0 |   56 |      0 |      0 |    0 |          0 |
|         mantissa_shift                                                 |                                LeftShifter53_by_max_65_Freq150_uid4 |        468 |        468 |       0 |    0 |   86 |      0 |      0 |    0 |          0 |
|         subnormal_shift                                                |                            RightShifter57_by_max_57_Freq150_uid1689 |        146 |        146 |       0 |    0 |   55 |      0 |      0 |    0 |          0 |
|   delay_z0_G                                                           |                                            xil_internal_svlib_delay |         50 |         45 |       0 |    5 |    5 |      0 |      0 |    0 |          0 |
|   fp_mu_abs                                                            |                                                              fp_abs |        612 |        612 |       0 |    0 |    0 |      0 |      0 |    0 |          0 |
|   fp_mul_B                                                             |                                                   fp_mul__xdcDup__1 |        146 |        146 |       0 |    0 |  117 |      0 |      0 |    0 |          6 |
|     inst                                                               |                                                   xilinx_fp_mul2__3 |        102 |        102 |       0 |    0 |  117 |      0 |      0 |    0 |          6 |
|       U0                                                               |                           floating_point_v7_1_20__parameterized1__3 |        102 |        102 |       0 |    0 |  117 |      0 |      0 |    0 |          6 |
|         i_synth                                                        |                       floating_point_v7_1_20_viv__parameterized1__3 |        102 |        102 |       0 |    0 |  117 |      0 |      0 |    0 |          6 |
|           MULT.OP                                                      |                                                        flt_mult_180 |        102 |        102 |       0 |    0 |  117 |      0 |      0 |    0 |          6 |
|             i_non_prim.MULT                                            |                                                        fix_mult_183 |         58 |         58 |       0 |    0 |   39 |      0 |      0 |    0 |          6 |
|               DSP48E2_SPD_DBL_VARIANT.FIX_MULT                         |                                            fix_mult_dsp48e2_dbl_192 |         58 |         58 |       0 |    0 |   39 |      0 |      0 |    0 |          6 |
|             i_non_prim.OP                                              |                                                  flt_dec_op_lat_184 |          0 |          0 |       0 |    0 |   63 |      0 |      0 |    0 |          0 |
|   fp_mul_C                                                             |                                                   fp_mul__xdcDup__2 |        175 |        175 |       0 |    0 |   81 |      0 |      0 |    0 |          6 |
|     inst                                                               |                                                   xilinx_fp_mul2__4 |        175 |        175 |       0 |    0 |   81 |      0 |      0 |    0 |          6 |
|       U0                                                               |                           floating_point_v7_1_20__parameterized1__4 |        175 |        175 |       0 |    0 |   81 |      0 |      0 |    0 |          6 |
|         i_synth                                                        |                       floating_point_v7_1_20_viv__parameterized1__4 |        175 |        175 |       0 |    0 |   81 |      0 |      0 |    0 |          6 |
|           MULT.OP                                                      |                                                        flt_mult_142 |        175 |        175 |       0 |    0 |   81 |      0 |      0 |    0 |          6 |
|             i_non_prim.EXP                                             |                                                    flt_mult_exp_144 |         66 |         66 |       0 |    0 |   17 |      0 |      0 |    0 |          0 |
|             i_non_prim.MULT                                            |                                                        fix_mult_145 |        109 |        109 |       0 |    0 |    1 |      0 |      0 |    0 |          6 |
|               DSP48E2_SPD_DBL_VARIANT.FIX_MULT                         |                                            fix_mult_dsp48e2_dbl_154 |        109 |        109 |       0 |    0 |    1 |      0 |      0 |    0 |          6 |
|                 (DSP48E2_SPD_DBL_VARIANT.FIX_MULT)                     |                                            fix_mult_dsp48e2_dbl_154 |         51 |         51 |       0 |    0 |    0 |      0 |      0 |    0 |          0 |
|             i_non_prim.OP                                              |                                                  flt_dec_op_lat_146 |          0 |          0 |       0 |    0 |   63 |      0 |      0 |    0 |          0 |
|   fp_mul_E                                                             |                                                              fp_mul |        871 |        871 |       0 |    0 |   83 |      0 |      0 |    0 |          6 |
|     (fp_mul_E)                                                         |                                                              fp_mul |        726 |        726 |       0 |    0 |    0 |      0 |      0 |    0 |          0 |
|     inst                                                               |                                                      xilinx_fp_mul2 |        145 |        145 |       0 |    0 |   83 |      0 |      0 |    0 |          6 |
|       U0                                                               |                              floating_point_v7_1_20__parameterized1 |        145 |        145 |       0 |    0 |   83 |      0 |      0 |    0 |          6 |
|         i_synth                                                        |                          floating_point_v7_1_20_viv__parameterized1 |        145 |        145 |       0 |    0 |   83 |      0 |      0 |    0 |          6 |
|           MULT.OP                                                      |                                                            flt_mult |        145 |        145 |       0 |    0 |   83 |      0 |      0 |    0 |          6 |
|             i_non_prim.MULT                                            |                                                            fix_mult |        102 |        102 |       0 |    0 |    1 |      0 |      0 |    0 |          6 |
|               DSP48E2_SPD_DBL_VARIANT.FIX_MULT                         |                                                fix_mult_dsp48e2_dbl |        102 |        102 |       0 |    0 |    1 |      0 |      0 |    0 |          6 |
|             i_non_prim.OP                                              |                                                      flt_dec_op_lat |          0 |          0 |       0 |    0 |   64 |      0 |      0 |    0 |          0 |
|   fp_sub_A                                                             |                                                   fp_sub__xdcDup__1 |        701 |        701 |       0 |    0 |  177 |      0 |      0 |    0 |          3 |
|     inst                                                               |                                                   xilinx_fp_sub2__2 |        682 |        682 |       0 |    0 |  177 |      0 |      0 |    0 |          3 |
|       U0                                                               |                                           floating_point_v7_1_20__2 |        682 |        682 |       0 |    0 |  177 |      0 |      0 |    0 |          3 |
|         i_synth                                                        |                                       floating_point_v7_1_20_viv__2 |        682 |        682 |       0 |    0 |  177 |      0 |      0 |    0 |          3 |
|           ADDSUB_OP.ADDSUB                                             |                                                          flt_add_36 |        682 |        682 |       0 |    0 |  177 |      0 |      0 |    0 |          3 |
|             LOGIC_SPEED.OP                                             |                                                    flt_add_logic_38 |        682 |        682 |       0 |    0 |  177 |      0 |      0 |    0 |          3 |
|               ALIGN_BLK                                                |                                                        align_add_39 |         93 |         93 |       0 |    0 |    0 |      0 |      0 |    0 |          2 |
|                 FRAC_ADDSUB                                            |                                                          addsub_120 |         91 |         91 |       0 |    0 |    0 |      0 |      0 |    0 |          2 |
|                   DSP_ADD.FRAC_ADDSUB                                  |                                                      addsub_dsp_121 |         91 |         91 |       0 |    0 |    0 |      0 |      0 |    0 |          2 |
|                     i_no_versal_es1_workaround.DSP48E1_ADD.DSP48E1_ADD |                                 dsp48e1_wrapper__parameterized0_122 |         78 |         78 |       0 |    0 |    0 |      0 |      0 |    0 |          1 |
|               B_IP_DELAY                                               |                                     floating_point_v7_1_20_delay_42 |         38 |         38 |       0 |    0 |   52 |      0 |      0 |    0 |          0 |
|                 i_pipe                                                 |                           xbip_pipe_v3_0_10_viv__parameterized1_116 |         38 |         38 |       0 |    0 |   52 |      0 |      0 |    0 |          0 |
|               EXP                                                      |                                                      flt_add_exp_43 |        398 |        398 |       0 |    0 |   49 |      0 |      0 |    0 |          0 |
|                 NUMB_CMP                                               |                                                          compare_83 |        168 |        168 |       0 |    0 |    3 |      0 |      0 |    0 |          0 |
|                   FAST_CMP.CMP_BOT                                     |                                                       compare_gt_88 |        132 |        132 |       0 |    0 |    1 |      0 |      0 |    0 |          0 |
|                     C_CHAIN                                            |                                      carry_chain__parameterized6_93 |        132 |        132 |       0 |    0 |    1 |      0 |      0 |    0 |          0 |
|                 BMA_EXP_DELAY                                          |                    floating_point_v7_1_20_delay__parameterized41_72 |        134 |        134 |       0 |    0 |   12 |      0 |      0 |    0 |          0 |
|                   i_pipe                                               |                          xbip_pipe_v3_0_10_viv__parameterized71_113 |        134 |        134 |       0 |    0 |   12 |      0 |      0 |    0 |          0 |
|               NORM                                                     |                                             norm_and_round_logic_44 |        151 |        151 |       0 |    0 |   71 |      0 |      0 |    0 |          1 |
|                 NORM_SHIFT                                             |                                  shift_msb_first__parameterized0_47 |        112 |        112 |       0 |    0 |   56 |      0 |      0 |    0 |          0 |
|                   MUX_LOOP[0].DEL_SHIFT                                |                    floating_point_v7_1_20_delay__parameterized28_56 |        112 |        112 |       0 |    0 |   56 |      0 |      0 |    0 |          0 |
|                     i_pipe                                             |                           xbip_pipe_v3_0_10_viv__parameterized53_57 |        112 |        112 |       0 |    0 |   56 |      0 |      0 |    0 |          0 |
|   fp_sub_D                                                             |                                                              fp_sub |        712 |        712 |       0 |    0 |  238 |      0 |      0 |    0 |          3 |
|     inst                                                               |                                                      xilinx_fp_sub2 |        712 |        712 |       0 |    0 |  238 |      0 |      0 |    0 |          3 |
|       U0                                                               |                                              floating_point_v7_1_20 |        712 |        712 |       0 |    0 |  238 |      0 |      0 |    0 |          3 |
|         i_synth                                                        |                                          floating_point_v7_1_20_viv |        712 |        712 |       0 |    0 |  238 |      0 |      0 |    0 |          3 |
|           ADDSUB_OP.ADDSUB                                             |                                                             flt_add |        712 |        712 |       0 |    0 |  238 |      0 |      0 |    0 |          3 |
|             LOGIC_SPEED.OP                                             |                                                       flt_add_logic |        712 |        712 |       0 |    0 |  238 |      0 |      0 |    0 |          3 |
|               ALIGN_BLK                                                |                                                           align_add |         92 |         92 |       0 |    0 |    0 |      0 |      0 |    0 |          2 |
|                 FRAC_ADDSUB                                            |                                                              addsub |         92 |         92 |       0 |    0 |    0 |      0 |      0 |    0 |          2 |
|                   DSP_ADD.FRAC_ADDSUB                                  |                                                          addsub_dsp |         92 |         92 |       0 |    0 |    0 |      0 |      0 |    0 |          2 |
|                     i_no_versal_es1_workaround.DSP48E1_ADD.DSP48E1_ADD |                                     dsp48e1_wrapper__parameterized0 |         78 |         78 |       0 |    0 |    0 |      0 |      0 |    0 |          1 |
|               A_IP_DELAY                                               |                                        floating_point_v7_1_20_delay |        113 |        113 |       0 |    0 |   52 |      0 |      0 |    0 |          0 |
|                 i_pipe                                                 |                            xbip_pipe_v3_0_10_viv__parameterized1_33 |        113 |        113 |       0 |    0 |   52 |      0 |      0 |    0 |          0 |
|               B_IP_DELAY                                               |                                      floating_point_v7_1_20_delay_0 |          0 |          0 |       0 |    0 |   52 |      0 |      0 |    0 |          0 |
|                 i_pipe                                                 |                               xbip_pipe_v3_0_10_viv__parameterized1 |          0 |          0 |       0 |    0 |   52 |      0 |      0 |    0 |          0 |
|               EXP                                                      |                                                         flt_add_exp |        359 |        359 |       0 |    0 |   62 |      0 |      0 |    0 |          0 |
|                 NUMB_CMP                                               |                                                             compare |         50 |         50 |       0 |    0 |    3 |      0 |      0 |    0 |          0 |
|                 BMA_EXP_DELAY                                          |                       floating_point_v7_1_20_delay__parameterized41 |        139 |        139 |       0 |    0 |   12 |      0 |      0 |    0 |          0 |
|                   i_pipe                                               |                           xbip_pipe_v3_0_10_viv__parameterized71_30 |        139 |        139 |       0 |    0 |   12 |      0 |      0 |    0 |          0 |
|                 COND_DET_A                                             |                                                      special_detect |         67 |         67 |       0 |    0 |    3 |      0 |      0 |    0 |          0 |
|                   EXP_DET_LUT.EXP_ALL_ZERO_DEL                         |                    floating_point_v7_1_20_delay__parameterized37_24 |         56 |         56 |       0 |    0 |    1 |      0 |      0 |    0 |          0 |
|                     i_pipe                                             |                           xbip_pipe_v3_0_10_viv__parameterized65_27 |         56 |         56 |       0 |    0 |    1 |      0 |      0 |    0 |          0 |
|               NORM                                                     |                                                norm_and_round_logic |        150 |        150 |       0 |    0 |   71 |      0 |      0 |    0 |          1 |
|                 NORM_SHIFT                                             |                                     shift_msb_first__parameterized0 |        112 |        112 |       0 |    0 |   56 |      0 |      0 |    0 |          0 |
|                   MUX_LOOP[0].DEL_SHIFT                                |                       floating_point_v7_1_20_delay__parameterized28 |        112 |        112 |       0 |    0 |   56 |      0 |      0 |    0 |          0 |
|                     i_pipe                                             |                              xbip_pipe_v3_0_10_viv__parameterized53 |        112 |        112 |       0 |    0 |   56 |      0 |      0 |    0 |          0 |
+------------------------------------------------------------------------+---------------------------------------------------------------------+------------+------------+---------+------+------+--------+--------+------+------------+
* Note: The sum of lower-level cells may be larger than their parent cells total, due to cross-hierarchy LUT combining


